[2m2:53:35 PM[22m [31m[1m[vite][22m[39m [31mhttp proxy error: /api/functions/capital_planning[39m
AggregateError [ECONNREFUSED]: 
    at internalConnectMultiple (node:net:1193:18)
    at afterConnectMultiple (node:net:1783:7)
[2m2:53:35 PM[22m [31m[1m[vite][22m[39m [31mhttp proxy error: /api/playbooks?function_id=capital_planning[39m
AggregateError [ECONNREFUSED]: 
    at internalConnectMultiple (node:net:1193:18)
    at afterConnectMultiple (node:net:1783:7)
[2m2:53:35 PM[22m [31m[1m[vite][22m[39m [31mhttp proxy error: /api/playbooks/published?function_id=capital_planning[39m
AggregateError [ECONNREFUSED]: 
    at internalConnectMultiple (node:net:1193:18)
    at afterConnectMultiple (node:net:1783:7)
[2m2:53:35 PM[22m [31m[1m[vite][22m[39m [31mhttp proxy error: /api/playbooks/_skills?function_id=capital_planning[39m
AggregateError [ECONNREFUSED]: 
    at internalConnectMultiple (node:net:1193:18)
    at afterConnectMultiple (node:net:1783:7)
[2m2:53:35 PM[22m [31m[1m[vite][22m[39m [31mhttp proxy error: /api/datasets?function_id=capital_planning[39m
AggregateError [ECONNREFUSED]: 
    at internalConnectMultiple (node:net:1193:18)
    at afterConnectMultiple (node:net:1783:7)
[2m2:53:35 PM[22m [31m[1m[vite][22m[39m [31mhttp proxy error: /api/analytics/scenarios?function_id=capital_planning[39m
AggregateError [ECONNREFUSED]: 
    at internalConnectMultiple (node:net:1193:18)
    at afterConnectMultiple (node:net:1783:7)
[2m2:53:35 PM[22m [31m[1m[vite][22m[39m [31mhttp proxy error: /api/functions/capital_planning[39m
AggregateError [ECONNREFUSED]: 
    at internalConnectMultiple (node:net:1193:18)
    at afterConnectMultiple (node:net:1783:7)
[2m2:53:35 PM[22m [31m[1m[vite][22m[39m [31mhttp proxy error: /api/playbooks?function_id=capital_planning[39m
AggregateError [ECONNREFUSED]: 
    at internalConnectMultiple (node:net:1193:18)
    at afterConnectMultiple (node:net:1783:7)
[2m2:53:35 PM[22m [31m[1m[vite][22m[39m [31mhttp proxy error: /api/playbooks/published?function_id=capital_planning[39m
AggregateError [ECONNREFUSED]: 
    at internalConnectMultiple (node:net:1193:18)
    at afterConnectMultiple (node:net:1783:7)
[2m2:53:35 PM[22m [31m[1m[vite][22m[39m [31mhttp proxy error: /api/playbooks/_skills?function_id=capital_planning[39m
AggregateError [ECONNREFUSED]: 
    at internalConnectMultiple (node:net:1193:18)
    at afterConnectMultiple (node:net:1783:7)
[2m2:53:35 PM[22m [31m[1m[vite][22m[39m [31mhttp proxy error: /api/datasets?function_id=capital_planning[39m
AggregateError [ECONNREFUSED]: 
    at internalConnectMultiple (node:net:1193:18)
    at afterConnectMultiple (node:net:1783:7)
[2m2:53:35 PM[22m [31m[1m[vite][22m[39m [31mhttp proxy error: /api/analytics/scenarios?function_id=capital_planning[39m
AggregateError [ECONNREFUSED]: 
    at internalConnectMultiple (node:net:1193:18)
    at afterConnectMultiple (node:net:1783:7)
[2m2:53:35 PM[22m [31m[1m[vite][22m[39m [31mhttp proxy error: /api/functions/capital_planning[39m
AggregateError [ECONNREFUSED]: 
    at internalConnectMultiple (node:net:1193:18)
    at afterConnectMultiple (node:net:1783:7)
[2m2:53:35 PM[22m [31m[1m[vite][22m[39m [31mhttp proxy error: /api/functions/capital_planning[39m
AggregateError [ECONNREFUSED]: 
    at internalConnectMultiple (node:net:1193:18)
    at afterConnectMultiple (node:net:1783:7)
